[0.235s] Invoking command in '/workspace/ros2_ws/src/table_perception': PYTHONPATH=/workspace/ros2_ws/build/table_perception/prefix_override:/usr/lib/python3/dist-packages/colcon_core/task/python/colcon_distutils_commands:/workspace/ros2_ws/install/table_perception/lib/python3.10/site-packages:${PYTHONPATH} /usr/bin/python3 -W ignore:setup.py install is deprecated -W ignore:easy_install command is deprecated setup.py egg_info --egg-base ../../build/table_perception build --build-base /workspace/ros2_ws/build/table_perception/build install --record /workspace/ros2_ws/build/table_perception/install.log --install-scripts $base/lib/table_perception --single-version-externally-managed install_data
[0.330s] running egg_info
[0.331s] creating ../../build/table_perception/table_perception.egg-info
[0.331s] writing ../../build/table_perception/table_perception.egg-info/PKG-INFO
[0.331s] writing dependency_links to ../../build/table_perception/table_perception.egg-info/dependency_links.txt
[0.331s] writing entry points to ../../build/table_perception/table_perception.egg-info/entry_points.txt
[0.331s] writing requirements to ../../build/table_perception/table_perception.egg-info/requires.txt
[0.331s] writing top-level names to ../../build/table_perception/table_perception.egg-info/top_level.txt
[0.331s] writing manifest file '../../build/table_perception/table_perception.egg-info/SOURCES.txt'
[0.331s] reading manifest file '../../build/table_perception/table_perception.egg-info/SOURCES.txt'
[0.332s] writing manifest file '../../build/table_perception/table_perception.egg-info/SOURCES.txt'
[0.332s] running build
[0.332s] running build_py
[0.332s] creating /workspace/ros2_ws/build/table_perception/build
[0.332s] creating /workspace/ros2_ws/build/table_perception/build/lib
[0.332s] creating /workspace/ros2_ws/build/table_perception/build/lib/table_perception
[0.332s] copying table_perception/__init__.py -> /workspace/ros2_ws/build/table_perception/build/lib/table_perception
[0.332s] copying table_perception/color_detector.py -> /workspace/ros2_ws/build/table_perception/build/lib/table_perception
[0.332s] running install
[0.332s] running install_lib
[0.332s] creating /workspace/ros2_ws/install/table_perception/lib/python3.10/site-packages/table_perception
[0.333s] copying /workspace/ros2_ws/build/table_perception/build/lib/table_perception/__init__.py -> /workspace/ros2_ws/install/table_perception/lib/python3.10/site-packages/table_perception
[0.333s] copying /workspace/ros2_ws/build/table_perception/build/lib/table_perception/color_detector.py -> /workspace/ros2_ws/install/table_perception/lib/python3.10/site-packages/table_perception
[0.333s] byte-compiling /workspace/ros2_ws/install/table_perception/lib/python3.10/site-packages/table_perception/__init__.py to __init__.cpython-310.pyc
[0.333s] byte-compiling /workspace/ros2_ws/install/table_perception/lib/python3.10/site-packages/table_perception/color_detector.py to color_detector.cpython-310.pyc
[0.333s] running install_data
[0.333s] creating /workspace/ros2_ws/install/table_perception/share/ament_index
[0.333s] creating /workspace/ros2_ws/install/table_perception/share/ament_index/resource_index
[0.333s] creating /workspace/ros2_ws/install/table_perception/share/ament_index/resource_index/packages
[0.333s] copying resource/table_perception -> /workspace/ros2_ws/install/table_perception/share/ament_index/resource_index/packages
[0.333s] copying package.xml -> /workspace/ros2_ws/install/table_perception/share/table_perception
[0.333s] creating /workspace/ros2_ws/install/table_perception/share/table_perception/launch
[0.333s] copying launch/detection.launch.py -> /workspace/ros2_ws/install/table_perception/share/table_perception/launch
[0.333s] running install_egg_info
[0.334s] Copying ../../build/table_perception/table_perception.egg-info to /workspace/ros2_ws/install/table_perception/lib/python3.10/site-packages/table_perception-0.0.1-py3.10.egg-info
[0.334s] running install_scripts
[0.344s] Installing color_detector script to /workspace/ros2_ws/install/table_perception/lib/table_perception
[0.344s] writing list of installed files to '/workspace/ros2_ws/build/table_perception/install.log'
[0.354s] Invoked command in '/workspace/ros2_ws/src/table_perception' returned '0': PYTHONPATH=/workspace/ros2_ws/build/table_perception/prefix_override:/usr/lib/python3/dist-packages/colcon_core/task/python/colcon_distutils_commands:/workspace/ros2_ws/install/table_perception/lib/python3.10/site-packages:${PYTHONPATH} /usr/bin/python3 -W ignore:setup.py install is deprecated -W ignore:easy_install command is deprecated setup.py egg_info --egg-base ../../build/table_perception build --build-base /workspace/ros2_ws/build/table_perception/build install --record /workspace/ros2_ws/build/table_perception/install.log --install-scripts $base/lib/table_perception --single-version-externally-managed install_data
